// Jest Snapshot v1, https://goo.gl/fbAQLP

exports[`should correctly display DisplayZones page  1`] = `
<div
  className="displayContainer"
/>
`;

exports[`should handle DisplayZones data when info is added 1`] = `
<div
  className="displayContainer"
>
  <div
    className="myZones"
  >
    <p>
      <span
        className="myZones-bold"
      >
        Your age:
      </span>
       
      44
    </p>
     
    <span
      className="myZones-bold"
    >
      Your resting heart rate:
    </span>
     
     bpm
  </div>
  <div
    className="myZones"
  >
    <p
      className="myZones-bold"
    >
      For moderate intensity:
    </p>
    Stay between 
    100
     and 
     bpm
  </div>
  <p
    className="myZones"
  >
     
    <span
      className="myZones-bold"
    >
      Your max heart rate:
    </span>
     
    176
     bpm
  </p>
  <Footer />
</div>
`;

exports[`should handle DisplayZones data when nothing is added 1`] = `
<div
  className="displayContainer"
/>
`;
